*.ua
*4pda.ru
*ads-twitter.com
*alphacoders.com
*amazonaws.com
*amdm.ru
*amnezia.org
*amx.com
*analog.com
*annas-archive.org
*aplawrence.com
*appstorrent.ru
*aqicn.org
*archiveofourown.org
*att.com
*avira.com
*bato.to
*bbc.co.uk
*bbc.com
*bbci.co.uk
*bell-sw.com
*bellingcat.com
*bestbuy.com
*bgpmon.net
*bitru.org
*bluehost.com
*booktracker.org
*boosteroid.com
*bosch-home.com
*bradyid.com
*buf.build
*cambiumnetworks.com
*canva.com
*capcut.com
*carnegieendowment.org
*cats.com
*cdninstagram.com
*cdw.com
*censortracker.org
*chatgpt.com
*chess.com
*citrix.com
*clamav.net
*claude.ai
*cms-twdigitalassets.com
*cock.li
*cpu-monkey.com
*crunchyroll.com
*cyberghostvpn.com
*czx.to
*daemon-tools.cc
*deezer.com
*dell.com
*dellcdn.com
*devops.com
*digitalcontent.sky
*disctech.com
*donmai.us
*doramy.club
*dreamhost.com
*echofm.online
*ej.ru
*ekhokavkaza.com
*element14.com
*err.ee
*etsy.com
*euronews.com
*eutrp.eu
*everand.com
*exler.ru
*f1.com
*facebook.com
*facebook.net
*fast.com
*fastly.net
*fb.com
*fbcdn.net
*fbsbx.com
*filmitorrent.net
*filmix.ac
*filmix.biz
*flibusta.is
*flir.eu
*fluke.com
*flukenetworks.com
*fn-volga.ru
*fonge.org
*force-user-content.com
*force.com
*fork.pet
*formula1.com
*freeimages.com
*freemedia.io
*gagadget.com
*gelbooru.com
*getoutline.org
*ggpht.com
*glpals.com
*godaddy.com
*gofile.io
*googleapis.com
*googletagmanager.com
*gpsonextra.net
*grammarly.com
*graylog.org
*groq.com
*hdrezka.ag
*healthline.com
*hetzner.com
*home-connect.com
*hotels.com
*hqporner.com
*ig.me
*iherb.com
*iichan.hk
*instagram.com
*intel.com
*intel.de
*internalfb.com
*intuit.com
*intuitibits.com
*ionos.com
*iptv.online
*island-of-pleasure.site
*istories.media
*itsmycity.ru
*jabra.com
*jamf.com
*kaktus.media
*kamatera.com
*kasparov.ru
*kavkaz-uzel.eu
*kavkazr.com
*kemono.party
*kino.pub
*kinobase.org
*kinogo.la
*kinokopilka.pro
*kinovod.net
*kinozal.me
*kinozal.tv
*kolsar.org
*kovcheg.live
*kpapp.link
*krymr.com
*lamcdn.net
*ldoceonline.com
*leafletjs.com
*libgen.rs
*licdn.com
*lidarr.audio
*linkedin.com
*live.net
*livetv.sx
*localbitcoins.com
*m3u.in
*macpaw.com
*mailo.com
*mangahub.ru
*mattermost.com
*mbed.com
*mdza.io
*mediazona.ca
*mediazona.online
*medicalnewstoday.com
*medium.com
*meduza.io
*memohrc.org
*microchip.com
*middlewareinventory.com
*mignews.com
*mongodb.org
*monoprice.com
*monster.ie
*moscowtimes.ru
*mouser.com
*mouser.fi
*mullvad.net
*nba.com
*netflix.com
*networksolutions.com
*newsru.co.il
*newstudio.tv
*newtimes.ru
*nflxext.com
*nflximg.net
*nflxvideo.net
*nitropdf.com
*nordvpn.com
*notion-static.com
*notion.com
*notion.new
*notion.site
*notion.so
*ntc.party
*nyaa.si
*oaistatic.com
*oaiusercontent.com
*ohmyswift.ru
*omv-extras.org
*on24.com
*onlineradiobox.com
*onlinesim.ru
*openai.com
*openmedia.io
*opensea.io
*opentrackr.org
*opposition-news.com
*ovd.legal
*pages.dev
*pandasecurity.com
*paperpaper.io
*paperpaper.ru
*pcbway.com
*pcbway.ru
*pcgamesn.com
*periscope.tv
*pexels.com
*phncdn.com
*piccy.info
*pingdom.com
*pixiv.net
*plab.site
*polit.ru
*politiken.dk
*pornolab.net
*posle.media
*postimees.ee
*proekt.media
*prosleduetmedia.com
*prostovpn.org
*proton.me
*protonmail.ch
*protonmail.com
*provereno.media
*pscp.tv
*psiphon.ca
*qualcomm.com
*quietpc.com
*quora.com
*radarr.video
*radiosakharov.org
*radiosvoboda.org
*reddxxx.com
*redgifs.com
*redis.com
*redis.io
*redshieldvpn.com
*redtube.com
*refinitiv.com
*remove.bg
*republic.ru
*resp.app
*rezka.ag
*rezka.my
*rezonans.media
*rferl.org
*roar-review.com
*root-nation.com
*ruckuswireless.com
*rus-media.org
*rus.ec
*rustorka.com
*rutor.info
*rutor.is
*rutor.org
*rutracker.cc
*rutracker.net
*rutracker.org
*rutracker.ru
*sakh.com
*sakhalin.info
*sakharovfoundation.org
*salesforce-experience.com
*salesforce-hub.com
*salesforce-scrt.com
*salesforce-setup.com
*salesforce-sites.com
*salesforce.com
*salesforceiq.com
*salesforceliveagent.com
*schaeffler.com
*sdxcentral.com
*searchfloor.org
*seasonvar.ru
*sebeanus.online
*selezen.org
*serpstat.com
*servarr.com
*severreal.org
*sfdcopens.com
*shinyhardware.co.uk
*sibreal.org
*site.com
*skycdp.com
*slavicsac.com
*slideshare.net
*smartbear.com
*smashwords.com
*smassets.net
*snort.org
*snyk.io
*soapui.org
*solarwinds.com
*soundcloud.com
*spacelift.io
*spektr.press
*spreadthesign.com
*sputnikipogrom.com
*strana.news
*strana.today
*strava.com
*stulchik.net
*surveymonkey.com
*suspilne.media
*svoboda.org
*swagger.io
*t-ru.org
*t.co
*tableau.com
*tayga.info
*te-st.org
*telemetr.io
*tellapart.com
*the-village.ru
*theaudiodb.com
*thebarentsobserver.com
*thebell.io
*theins.info
*theins.press
*theins.ru
*thepiratebay.org
*threads.net
*ti.com
*tidal.com
*timberland.com
*tjournal.ru
*tmdb.org
*torproject.org
*torrent.by
*tracker.wf
*tsmc.com
*tutanota.com
*tvfreedom.io
*tvrain.ru
*tvrain.tv
*tweetdeck.com
*twimg.com
*twitpic.com
*twitter.biz
*twitter.com
*twitter.jp
*twittercommunity.com
*twitterflightschool.com
*twitterinc.com
*twitteroauth.com
*twitterstat.us
*twtrdns.net
*twttr.com
*twttr.net
*twvid.com
*underver.se
*unian.net
*uniongang.tv
*usa.one
*vagrantcloud.com
*vectorworks.net
*veeam.com
*verstka.media
*vesma.one
*vesma.today
*vesty.co.il
*vndb.org
*voanews.com
*vot-tak.tv
*vpngate.net
*vpngen.org
*vpnlove.me
*vrv.co
*vyos.io
*walmart.com
*watchguard.com
*weather.com
*welt.de
*wetransfer.com
*wheather.com
*wikidot.com
*wilsoncenter.org
*windguru.cz
*wixmp.com
*wk.cz
*wonderzine.com
*wpengine.com
*wunderground.com
*x.com
*xhamster.com
*xhamsterlive.com
*xnxx.com
*xtracloud.net
*xv-ru.com
*xvideos-cdn.com
*xvideos.com
*yaoilib.me
*yle.fi
*youtube.com
*youtubekids.com
*ytimg.com
*zedge.net
*zendesk.com
*zetalliance.org
*zetfix.online
*zetflix.online
*znanija.com
*zohomail.com
*zona.media
copilot.microsoft.com
*kinozal.guru
